  Determining projects to restore...
  All projects are up-to-date for restore.
  AIConsumptionTracker.Core -> C:\Develop\Claude\opencode-tracker\AIConsumptionTracker.Core\bin\Debug\net8.0\AIConsumptionTracker.Core.dll
  AIConsumptionTracker.Infrastructure -> C:\Develop\Claude\opencode-tracker\AIConsumptionTracker.Infrastructure\bin\Debug\net8.0\AIConsumptionTracker.Infrastructure.dll
  AIConsumptionTracker.Tests -> C:\Develop\Claude\opencode-tracker\AIConsumptionTracker.Tests\bin\Debug\net8.0\AIConsumptionTracker.Tests.dll
Test run for C:\Develop\Claude\opencode-tracker\AIConsumptionTracker.Tests\bin\Debug\net8.0\AIConsumptionTracker.Tests.dll (.NETCoreApp,Version=v8.0)
  AIConsumptionTracker.UI -> C:\Develop\Claude\opencode-tracker\AIConsumptionTracker.UI\bin\Debug\net8.0-windows\AIConsumptionTracker.UI.dll
VSTest version 18.0.1 (x64)

Starting test execution, please wait...
A total of 1 test files matched the specified pattern.
  AIConsumptionTracker.UI.Tests -> C:\Develop\Claude\opencode-tracker\AIConsumptionTracker.UI.Tests\bin\Debug\net8.0-windows\AIConsumptionTracker.UI.Tests.dll
Test run for C:\Develop\Claude\opencode-tracker\AIConsumptionTracker.UI.Tests\bin\Debug\net8.0-windows\AIConsumptionTracker.UI.Tests.dll (.NETCoreApp,Version=v8.0)
VSTest version 18.0.1 (x64)

Starting test execution, please wait...
A total of 1 test files matched the specified pattern.

Passed!  - Failed:     0, Passed:    41, Skipped:     0, Total:    41, Duration: 98 ms - AIConsumptionTracker.Tests.dll (net8.0)
[xUnit.net 00:00:01.02]     AIConsumptionTracker.UI.Tests.UpdateProviderBarTests.UpdateProviderBar_ShouldReplaceExistingProviderBar [FAIL]
  Failed AIConsumptionTracker.UI.Tests.UpdateProviderBarTests.UpdateProviderBar_ShouldReplaceExistingProviderBar [119 ms]
  Error Message:
   Assert.Equal() Failure: Values differ
Expected: 1
Actual:   0
  Stack Trace:
     at AIConsumptionTracker.UI.Tests.UpdateProviderBarTests.UpdateProviderBar_ShouldReplaceExistingProviderBar() in C:\Develop\Claude\opencode-tracker\AIConsumptionTracker.UI.Tests\UpdateProviderBarTests.cs:line 276
--- End of stack trace from previous location ---

Failed!  - Failed:     1, Passed:     9, Skipped:     0, Total:    10, Duration: 1 s - AIConsumptionTracker.UI.Tests.dll (net8.0)
